[{"lineNumber": 21, "col_offset": 8, "nodeName": "data_dir", "type": "str"}, {"lineNumber": 22, "col_offset": 8, "nodeName": "expected_dir", "type": "str"}, {"lineNumber": 29, "col_offset": 8, "nodeName": "new_file_name", "type": "str"}, {"lineNumber": 30, "col_offset": 8, "nodeName": "new_file_name", "type": "str"}, {"lineNumber": 32, "col_offset": 8, "nodeName": "data", "type": "Any"}, {"lineNumber": 33, "col_offset": 15, "nodeName": "data", "type": "Any"}, {"lineNumber": 41, "col_offset": 8, "nodeName": "filename", "type": "str"}, {"lineNumber": 42, "col_offset": 8, "nodeName": "data", "type": "Any"}, {"lineNumber": 44, "col_offset": 8, "nodeName": "rotation", "type": "Optional[Any]"}, {"lineNumber": 46, "col_offset": 8, "nodeName": "fa", "type": "factor_analyzer.factor_analyzer.FactorAnalyzer"}, {"lineNumber": 57, "col_offset": 8, "nodeName": "loadings", "type": "Any"}, {"lineNumber": 74, "col_offset": 8, "nodeName": "data", "type": "Any"}, {"lineNumber": 76, "col_offset": 8, "nodeName": "data", "type": "Any"}, {"lineNumber": 79, "col_offset": 8, "nodeName": "columns", "type": "List[str]"}, {"lineNumber": 80, "col_offset": 15, "nodeName": "data", "type": "Any"}, {"lineNumber": 84, "col_offset": 8, "nodeName": "filename", "type": "str"}, {"lineNumber": 85, "col_offset": 8, "nodeName": "factors", "type": "int"}, {"lineNumber": 86, "col_offset": 8, "nodeName": "method", "type": "str"}, {"lineNumber": 87, "col_offset": 8, "nodeName": "rotation", "type": "str"}, {"lineNumber": 89, "col_offset": 8, "nodeName": "results", "type": "Dict[str, Any]"}, {"lineNumber": 90, "col_offset": 8, "nodeName": "expected", "type": "Dict[str, Any]"}, {"lineNumber": 92, "col_offset": 8, "nodeName": "loadings_p", "type": "Any"}, {"lineNumber": 93, "col_offset": 8, "nodeName": "loadings_r", "type": "Any"}, {"lineNumber": 99, "col_offset": 8, "nodeName": "filename", "type": "str"}, {"lineNumber": 100, "col_offset": 8, "nodeName": "factors", "type": "int"}, {"lineNumber": 101, "col_offset": 8, "nodeName": "method", "type": "str"}, {"lineNumber": 102, "col_offset": 8, "nodeName": "rotation", "type": "str"}, {"lineNumber": 104, "col_offset": 8, "nodeName": "results", "type": "Dict[str, Any]"}, {"lineNumber": 105, "col_offset": 8, "nodeName": "expected", "type": "Dict[str, Any]"}, {"lineNumber": 107, "col_offset": 8, "nodeName": "loadings_p", "type": "Any"}, {"lineNumber": 108, "col_offset": 8, "nodeName": "loadings_r", "type": "Any"}, {"lineNumber": 114, "col_offset": 8, "nodeName": "filename", "type": "str"}, {"lineNumber": 115, "col_offset": 8, "nodeName": "factors", "type": "int"}, {"lineNumber": 116, "col_offset": 8, "nodeName": "method", "type": "str"}, {"lineNumber": 117, "col_offset": 8, "nodeName": "rotation", "type": "str"}, {"lineNumber": 119, "col_offset": 8, "nodeName": "results", "type": "Dict[str, Any]"}, {"lineNumber": 120, "col_offset": 8, "nodeName": "expected", "type": "Dict[str, Any]"}, {"lineNumber": 122, "col_offset": 8, "nodeName": "loadings_p", "type": "Any"}, {"lineNumber": 123, "col_offset": 8, "nodeName": "loadings_r", "type": "Any"}, {"lineNumber": 129, "col_offset": 8, "nodeName": "filename", "type": "str"}, {"lineNumber": 130, "col_offset": 8, "nodeName": "factors", "type": "int"}, {"lineNumber": 131, "col_offset": 8, "nodeName": "method", "type": "str"}, {"lineNumber": 132, "col_offset": 8, "nodeName": "rotation", "type": "str"}, {"lineNumber": 134, "col_offset": 8, "nodeName": "results", "type": "Dict[str, Any]"}, {"lineNumber": 135, "col_offset": 8, "nodeName": "expected", "type": "Dict[str, Any]"}, {"lineNumber": 137, "col_offset": 8, "nodeName": "loadings_p", "type": "Any"}, {"lineNumber": 138, "col_offset": 8, "nodeName": "loadings_r", "type": "Any"}, {"lineNumber": 144, "col_offset": 8, "nodeName": "filename", "type": "str"}, {"lineNumber": 145, "col_offset": 8, "nodeName": "factors", "type": "int"}, {"lineNumber": 146, "col_offset": 8, "nodeName": "method", "type": "str"}, {"lineNumber": 147, "col_offset": 8, "nodeName": "rotation", "type": "str"}, {"lineNumber": 149, "col_offset": 8, "nodeName": "results", "type": "Dict[str, Any]"}, {"lineNumber": 150, "col_offset": 8, "nodeName": "expected", "type": "Dict[str, Any]"}, {"lineNumber": 152, "col_offset": 8, "nodeName": "loadings_p", "type": "Any"}, {"lineNumber": 153, "col_offset": 8, "nodeName": "loadings_r", "type": "Any"}, {"lineNumber": 159, "col_offset": 8, "nodeName": "filename", "type": "str"}, {"lineNumber": 160, "col_offset": 8, "nodeName": "factors", "type": "int"}, {"lineNumber": 161, "col_offset": 8, "nodeName": "method", "type": "str"}, {"lineNumber": 162, "col_offset": 8, "nodeName": "rotation", "type": "str"}, {"lineNumber": 164, "col_offset": 8, "nodeName": "results", "type": "Dict[str, Any]"}, {"lineNumber": 165, "col_offset": 8, "nodeName": "expected", "type": "Dict[str, Any]"}, {"lineNumber": 167, "col_offset": 8, "nodeName": "loadings_p", "type": "Any"}, {"lineNumber": 168, "col_offset": 8, "nodeName": "loadings_r", "type": "Any"}, {"lineNumber": 174, "col_offset": 8, "nodeName": "filename", "type": "str"}, {"lineNumber": 175, "col_offset": 8, "nodeName": "factors", "type": "int"}, {"lineNumber": 176, "col_offset": 8, "nodeName": "method", "type": "str"}, {"lineNumber": 177, "col_offset": 8, "nodeName": "rotation", "type": "str"}, {"lineNumber": 179, "col_offset": 8, "nodeName": "results", "type": "Dict[str, Any]"}, {"lineNumber": 180, "col_offset": 8, "nodeName": "expected", "type": "Dict[str, Any]"}, {"lineNumber": 182, "col_offset": 8, "nodeName": "loadings_p", "type": "Any"}, {"lineNumber": 183, "col_offset": 8, "nodeName": "loadings_r", "type": "Any"}, {"lineNumber": 189, "col_offset": 8, "nodeName": "filename", "type": "str"}, {"lineNumber": 190, "col_offset": 8, "nodeName": "factors", "type": "int"}, {"lineNumber": 191, "col_offset": 8, "nodeName": "method", "type": "str"}, {"lineNumber": 192, "col_offset": 8, "nodeName": "rotation", "type": "str"}, {"lineNumber": 194, "col_offset": 8, "nodeName": "results", "type": "Dict[str, Any]"}, {"lineNumber": 195, "col_offset": 8, "nodeName": "expected", "type": "Dict[str, Any]"}, {"lineNumber": 197, "col_offset": 8, "nodeName": "loadings_p", "type": "Any"}, {"lineNumber": 198, "col_offset": 8, "nodeName": "loadings_r", "type": "Any"}, {"lineNumber": 204, "col_offset": 8, "nodeName": "filename", "type": "str"}, {"lineNumber": 205, "col_offset": 8, "nodeName": "factors", "type": "int"}, {"lineNumber": 206, "col_offset": 8, "nodeName": "method", "type": "str"}, {"lineNumber": 207, "col_offset": 8, "nodeName": "rotation", "type": "str"}, {"lineNumber": 209, "col_offset": 8, "nodeName": "results", "type": "Dict[str, Any]"}, {"lineNumber": 210, "col_offset": 8, "nodeName": "expected", "type": "Dict[str, Any]"}, {"lineNumber": 212, "col_offset": 8, "nodeName": "loadings_p", "type": "Any"}, {"lineNumber": 213, "col_offset": 8, "nodeName": "loadings_r", "type": "Any"}, {"lineNumber": 219, "col_offset": 8, "nodeName": "filename", "type": "str"}, {"lineNumber": 220, "col_offset": 8, "nodeName": "factors", "type": "int"}, {"lineNumber": 221, "col_offset": 8, "nodeName": "method", "type": "str"}, {"lineNumber": 222, "col_offset": 8, "nodeName": "rotation", "type": "str"}, {"lineNumber": 224, "col_offset": 8, "nodeName": "results", "type": "Dict[str, Any]"}, {"lineNumber": 225, "col_offset": 8, "nodeName": "expected", "type": "Dict[str, Any]"}, {"lineNumber": 227, "col_offset": 8, "nodeName": "loadings_p", "type": "Any"}, {"lineNumber": 228, "col_offset": 8, "nodeName": "loadings_r", "type": "Any"}, {"lineNumber": 234, "col_offset": 8, "nodeName": "filename", "type": "str"}, {"lineNumber": 235, "col_offset": 8, "nodeName": "factors", "type": "int"}, {"lineNumber": 236, "col_offset": 8, "nodeName": "method", "type": "str"}, {"lineNumber": 237, "col_offset": 8, "nodeName": "rotation", "type": "str"}, {"lineNumber": 239, "col_offset": 8, "nodeName": "results", "type": "Dict[str, Any]"}, {"lineNumber": 240, "col_offset": 8, "nodeName": "expected", "type": "Dict[str, Any]"}, {"lineNumber": 242, "col_offset": 8, "nodeName": "loadings_p", "type": "Any"}, {"lineNumber": 243, "col_offset": 8, "nodeName": "loadings_r", "type": "Any"}, {"lineNumber": 249, "col_offset": 8, "nodeName": "filename", "type": "str"}, {"lineNumber": 250, "col_offset": 8, "nodeName": "factors", "type": "int"}, {"lineNumber": 251, "col_offset": 8, "nodeName": "method", "type": "str"}, {"lineNumber": 252, "col_offset": 8, "nodeName": "rotation", "type": "str"}, {"lineNumber": 254, "col_offset": 8, "nodeName": "results", "type": "Dict[str, Any]"}, {"lineNumber": 255, "col_offset": 8, "nodeName": "expected", "type": "Dict[str, Any]"}, {"lineNumber": 257, "col_offset": 8, "nodeName": "loadings_p", "type": "Any"}, {"lineNumber": 258, "col_offset": 8, "nodeName": "loadings_r", "type": "Any"}, {"lineNumber": 264, "col_offset": 8, "nodeName": "filename", "type": "str"}, {"lineNumber": 265, "col_offset": 8, "nodeName": "factors", "type": "int"}, {"lineNumber": 266, "col_offset": 8, "nodeName": "method", "type": "str"}, {"lineNumber": 267, "col_offset": 8, "nodeName": "rotation", "type": "str"}, {"lineNumber": 269, "col_offset": 8, "nodeName": "results", "type": "Dict[str, Any]"}, {"lineNumber": 270, "col_offset": 8, "nodeName": "expected", "type": "Dict[str, Any]"}, {"lineNumber": 272, "col_offset": 8, "nodeName": "loadings_p", "type": "Any"}, {"lineNumber": 273, "col_offset": 8, "nodeName": "loadings_r", "type": "Any"}, {"lineNumber": 21, "col_offset": 8, "nodeName": "self", "type": "TestFactorAnalyzerVsR"}, {"lineNumber": 22, "col_offset": 8, "nodeName": "self", "type": "TestFactorAnalyzerVsR"}, {"lineNumber": 26, "col_offset": 8, "nodeName": "subdir", "type": "Any"}, {"lineNumber": 26, "col_offset": 16, "nodeName": "_", "type": "Any"}, {"lineNumber": 26, "col_offset": 20, "nodeName": "splitext", "type": "Callable"}, {"lineNumber": 26, "col_offset": 37, "nodeName": "filename", "type": "Any"}, {"lineNumber": 29, "col_offset": 24, "nodeName": "join", "type": "Callable"}, {"lineNumber": 30, "col_offset": 24, "nodeName": "join", "type": "Callable"}, {"lineNumber": 30, "col_offset": 37, "nodeName": "expected_dir", "type": "str"}, {"lineNumber": 30, "col_offset": 56, "nodeName": "subdir", "type": "Any"}, {"lineNumber": 30, "col_offset": 64, "nodeName": "new_file_name", "type": "str"}, {"lineNumber": 32, "col_offset": 15, "nodeName": "read_csv", "type": "Any"}, {"lineNumber": 32, "col_offset": 27, "nodeName": "new_file_name", "type": "str"}, {"lineNumber": 41, "col_offset": 19, "nodeName": "join", "type": "Callable"}, {"lineNumber": 41, "col_offset": 32, "nodeName": "data_dir", "type": "str"}, {"lineNumber": 41, "col_offset": 47, "nodeName": "filename", "type": "Any"}, {"lineNumber": 42, "col_offset": 15, "nodeName": "read_csv", "type": "Any"}, {"lineNumber": 42, "col_offset": 27, "nodeName": "filename", "type": "str"}, {"lineNumber": 44, "col_offset": 51, "nodeName": "rotation", "type": "Any"}, {"lineNumber": 46, "col_offset": 13, "nodeName": "FactorAnalyzer", "type": "Type[factor_analyzer.factor_analyzer.FactorAnalyzer]"}, {"lineNumber": 46, "col_offset": 28, "nodeName": "factors", "type": "Any"}, {"lineNumber": 47, "col_offset": 8, "nodeName": "analyze", "type": "Callable[..., None]"}, {"lineNumber": 47, "col_offset": 19, "nodeName": "data", "type": "Any"}, {"lineNumber": 49, "col_offset": 28, "nodeName": "loadings", "type": "Any"}, {"lineNumber": 57, "col_offset": 19, "nodeName": "get_data_by_type", "type": "Callable[..., Any]"}, {"lineNumber": 57, "col_offset": 41, "nodeName": "filename", "type": "Any"}, {"lineNumber": 57, "col_offset": 51, "nodeName": "factors", "type": "Any"}, {"lineNumber": 57, "col_offset": 60, "nodeName": "method", "type": "Any"}, {"lineNumber": 57, "col_offset": 68, "nodeName": "rotation", "type": "Any"}, {"lineNumber": 58, "col_offset": 28, "nodeName": "loadings", "type": "Any"}, {"lineNumber": 70, "col_offset": 12, "nodeName": "data", "type": "Any"}, {"lineNumber": 72, "col_offset": 8, "nodeName": "rename", "type": "Any"}, {"lineNumber": 74, "col_offset": 15, "nodeName": "data", "type": "Any"}, {"lineNumber": 76, "col_offset": 15, "nodeName": "round", "type": "Any"}, {"lineNumber": 79, "col_offset": 8, "nodeName": "data", "type": "Any"}, {"lineNumber": 89, "col_offset": 18, "nodeName": "do_analysis", "type": "Callable[[Any, Any, Any, Any], Any]"}, {"lineNumber": 89, "col_offset": 35, "nodeName": "filename", "type": "str"}, {"lineNumber": 89, "col_offset": 45, "nodeName": "factors", "type": "int"}, {"lineNumber": 89, "col_offset": 54, "nodeName": "method", "type": "str"}, {"lineNumber": 89, "col_offset": 62, "nodeName": "rotation", "type": "str"}, {"lineNumber": 90, "col_offset": 19, "nodeName": "get_expected", "type": "Callable[[Any, Any, Any, Any], Any]"}, {"lineNumber": 90, "col_offset": 37, "nodeName": "filename", "type": "str"}, {"lineNumber": 90, "col_offset": 47, "nodeName": "factors", "type": "int"}, {"lineNumber": 90, "col_offset": 56, "nodeName": "method", "type": "str"}, {"lineNumber": 90, "col_offset": 64, "nodeName": "rotation", "type": "str"}, {"lineNumber": 92, "col_offset": 21, "nodeName": "normalize", "type": "Callable[[Any], Any]"}, {"lineNumber": 93, "col_offset": 21, "nodeName": "normalize", "type": "Callable[[Any], Any]"}, {"lineNumber": 95, "col_offset": 8, "nodeName": "assert_frame_equal", "type": "Any"}, {"lineNumber": 95, "col_offset": 27, "nodeName": "loadings_p", "type": "Any"}, {"lineNumber": 95, "col_offset": 39, "nodeName": "loadings_r", "type": "Any"}, {"lineNumber": 104, "col_offset": 18, "nodeName": "do_analysis", "type": "Callable[[Any, Any, Any, Any], Any]"}, {"lineNumber": 104, "col_offset": 35, "nodeName": "filename", "type": "str"}, {"lineNumber": 104, "col_offset": 45, "nodeName": "factors", "type": "int"}, {"lineNumber": 104, "col_offset": 54, "nodeName": "method", "type": "str"}, {"lineNumber": 104, "col_offset": 62, "nodeName": "rotation", "type": "str"}, {"lineNumber": 105, "col_offset": 19, "nodeName": "get_expected", "type": "Callable[[Any, Any, Any, Any], Any]"}, {"lineNumber": 105, "col_offset": 37, "nodeName": "filename", "type": "str"}, {"lineNumber": 105, "col_offset": 47, "nodeName": "factors", "type": "int"}, {"lineNumber": 105, "col_offset": 56, "nodeName": "method", "type": "str"}, {"lineNumber": 105, "col_offset": 64, "nodeName": "rotation", "type": "str"}, {"lineNumber": 107, "col_offset": 21, "nodeName": "normalize", "type": "Callable[[Any], Any]"}, {"lineNumber": 108, "col_offset": 21, "nodeName": "normalize", "type": "Callable[[Any], Any]"}, {"lineNumber": 110, "col_offset": 8, "nodeName": "assert_frame_equal", "type": "Any"}, {"lineNumber": 110, "col_offset": 27, "nodeName": "loadings_p", "type": "Any"}, {"lineNumber": 110, "col_offset": 39, "nodeName": "loadings_r", "type": "Any"}, {"lineNumber": 119, "col_offset": 18, "nodeName": "do_analysis", "type": "Callable[[Any, Any, Any, Any], Any]"}, {"lineNumber": 119, "col_offset": 35, "nodeName": "filename", "type": "str"}, {"lineNumber": 119, "col_offset": 45, "nodeName": "factors", "type": "int"}, {"lineNumber": 119, "col_offset": 54, "nodeName": "method", "type": "str"}, {"lineNumber": 119, "col_offset": 62, "nodeName": "rotation", "type": "str"}, {"lineNumber": 120, "col_offset": 19, "nodeName": "get_expected", "type": "Callable[[Any, Any, Any, Any], Any]"}, {"lineNumber": 120, "col_offset": 37, "nodeName": "filename", "type": "str"}, {"lineNumber": 120, "col_offset": 47, "nodeName": "factors", "type": "int"}, {"lineNumber": 120, "col_offset": 56, "nodeName": "method", "type": "str"}, {"lineNumber": 120, "col_offset": 64, "nodeName": "rotation", "type": "str"}, {"lineNumber": 122, "col_offset": 21, "nodeName": "normalize", "type": "Callable[[Any], Any]"}, {"lineNumber": 123, "col_offset": 21, "nodeName": "normalize", "type": "Callable[[Any], Any]"}, {"lineNumber": 125, "col_offset": 8, "nodeName": "assert_frame_equal", "type": "Any"}, {"lineNumber": 125, "col_offset": 27, "nodeName": "loadings_p", "type": "Any"}, {"lineNumber": 125, "col_offset": 39, "nodeName": "loadings_r", "type": "Any"}, {"lineNumber": 134, "col_offset": 18, "nodeName": "do_analysis", "type": "Callable[[Any, Any, Any, Any], Any]"}, {"lineNumber": 134, "col_offset": 35, "nodeName": "filename", "type": "str"}, {"lineNumber": 134, "col_offset": 45, "nodeName": "factors", "type": "int"}, {"lineNumber": 134, "col_offset": 54, "nodeName": "method", "type": "str"}, {"lineNumber": 134, "col_offset": 62, "nodeName": "rotation", "type": "str"}, {"lineNumber": 135, "col_offset": 19, "nodeName": "get_expected", "type": "Callable[[Any, Any, Any, Any], Any]"}, {"lineNumber": 135, "col_offset": 37, "nodeName": "filename", "type": "str"}, {"lineNumber": 135, "col_offset": 47, "nodeName": "factors", "type": "int"}, {"lineNumber": 135, "col_offset": 56, "nodeName": "method", "type": "str"}, {"lineNumber": 135, "col_offset": 64, "nodeName": "rotation", "type": "str"}, {"lineNumber": 137, "col_offset": 21, "nodeName": "normalize", "type": "Callable[[Any], Any]"}, {"lineNumber": 138, "col_offset": 21, "nodeName": "normalize", "type": "Callable[[Any], Any]"}, {"lineNumber": 140, "col_offset": 8, "nodeName": "assert_frame_equal", "type": "Any"}, {"lineNumber": 140, "col_offset": 27, "nodeName": "loadings_p", "type": "Any"}, {"lineNumber": 140, "col_offset": 39, "nodeName": "loadings_r", "type": "Any"}, {"lineNumber": 149, "col_offset": 18, "nodeName": "do_analysis", "type": "Callable[[Any, Any, Any, Any], Any]"}, {"lineNumber": 149, "col_offset": 35, "nodeName": "filename", "type": "str"}, {"lineNumber": 149, "col_offset": 45, "nodeName": "factors", "type": "int"}, {"lineNumber": 149, "col_offset": 54, "nodeName": "method", "type": "str"}, {"lineNumber": 149, "col_offset": 62, "nodeName": "rotation", "type": "str"}, {"lineNumber": 150, "col_offset": 19, "nodeName": "get_expected", "type": "Callable[[Any, Any, Any, Any], Any]"}, {"lineNumber": 150, "col_offset": 37, "nodeName": "filename", "type": "str"}, {"lineNumber": 150, "col_offset": 47, "nodeName": "factors", "type": "int"}, {"lineNumber": 150, "col_offset": 56, "nodeName": "method", "type": "str"}, {"lineNumber": 150, "col_offset": 64, "nodeName": "rotation", "type": "str"}, {"lineNumber": 152, "col_offset": 21, "nodeName": "normalize", "type": "Callable[[Any], Any]"}, {"lineNumber": 153, "col_offset": 21, "nodeName": "normalize", "type": "Callable[[Any], Any]"}, {"lineNumber": 155, "col_offset": 8, "nodeName": "assert_frame_equal", "type": "Any"}, {"lineNumber": 155, "col_offset": 27, "nodeName": "loadings_p", "type": "Any"}, {"lineNumber": 155, "col_offset": 39, "nodeName": "loadings_r", "type": "Any"}, {"lineNumber": 164, "col_offset": 18, "nodeName": "do_analysis", "type": "Callable[[Any, Any, Any, Any], Any]"}, {"lineNumber": 164, "col_offset": 35, "nodeName": "filename", "type": "str"}, {"lineNumber": 164, "col_offset": 45, "nodeName": "factors", "type": "int"}, {"lineNumber": 164, "col_offset": 54, "nodeName": "method", "type": "str"}, {"lineNumber": 164, "col_offset": 62, "nodeName": "rotation", "type": "str"}, {"lineNumber": 165, "col_offset": 19, "nodeName": "get_expected", "type": "Callable[[Any, Any, Any, Any], Any]"}, {"lineNumber": 165, "col_offset": 37, "nodeName": "filename", "type": "str"}, {"lineNumber": 165, "col_offset": 47, "nodeName": "factors", "type": "int"}, {"lineNumber": 165, "col_offset": 56, "nodeName": "method", "type": "str"}, {"lineNumber": 165, "col_offset": 64, "nodeName": "rotation", "type": "str"}, {"lineNumber": 167, "col_offset": 21, "nodeName": "normalize", "type": "Callable[[Any], Any]"}, {"lineNumber": 168, "col_offset": 21, "nodeName": "normalize", "type": "Callable[[Any], Any]"}, {"lineNumber": 170, "col_offset": 8, "nodeName": "assert_frame_equal", "type": "Any"}, {"lineNumber": 170, "col_offset": 27, "nodeName": "loadings_p", "type": "Any"}, {"lineNumber": 170, "col_offset": 39, "nodeName": "loadings_r", "type": "Any"}, {"lineNumber": 179, "col_offset": 18, "nodeName": "do_analysis", "type": "Callable[[Any, Any, Any, Any], Any]"}, {"lineNumber": 179, "col_offset": 35, "nodeName": "filename", "type": "str"}, {"lineNumber": 179, "col_offset": 45, "nodeName": "factors", "type": "int"}, {"lineNumber": 179, "col_offset": 54, "nodeName": "method", "type": "str"}, {"lineNumber": 179, "col_offset": 62, "nodeName": "rotation", "type": "str"}, {"lineNumber": 180, "col_offset": 19, "nodeName": "get_expected", "type": "Callable[[Any, Any, Any, Any], Any]"}, {"lineNumber": 180, "col_offset": 37, "nodeName": "filename", "type": "str"}, {"lineNumber": 180, "col_offset": 47, "nodeName": "factors", "type": "int"}, {"lineNumber": 180, "col_offset": 56, "nodeName": "method", "type": "str"}, {"lineNumber": 180, "col_offset": 64, "nodeName": "rotation", "type": "str"}, {"lineNumber": 182, "col_offset": 21, "nodeName": "normalize", "type": "Callable[[Any], Any]"}, {"lineNumber": 183, "col_offset": 21, "nodeName": "normalize", "type": "Callable[[Any], Any]"}, {"lineNumber": 185, "col_offset": 8, "nodeName": "assert_frame_equal", "type": "Any"}, {"lineNumber": 185, "col_offset": 27, "nodeName": "loadings_p", "type": "Any"}, {"lineNumber": 185, "col_offset": 39, "nodeName": "loadings_r", "type": "Any"}, {"lineNumber": 194, "col_offset": 18, "nodeName": "do_analysis", "type": "Callable[[Any, Any, Any, Any], Any]"}, {"lineNumber": 194, "col_offset": 35, "nodeName": "filename", "type": "str"}, {"lineNumber": 194, "col_offset": 45, "nodeName": "factors", "type": "int"}, {"lineNumber": 194, "col_offset": 54, "nodeName": "method", "type": "str"}, {"lineNumber": 194, "col_offset": 62, "nodeName": "rotation", "type": "str"}, {"lineNumber": 195, "col_offset": 19, "nodeName": "get_expected", "type": "Callable[[Any, Any, Any, Any], Any]"}, {"lineNumber": 195, "col_offset": 37, "nodeName": "filename", "type": "str"}, {"lineNumber": 195, "col_offset": 47, "nodeName": "factors", "type": "int"}, {"lineNumber": 195, "col_offset": 56, "nodeName": "method", "type": "str"}, {"lineNumber": 195, "col_offset": 64, "nodeName": "rotation", "type": "str"}, {"lineNumber": 197, "col_offset": 21, "nodeName": "normalize", "type": "Callable[[Any], Any]"}, {"lineNumber": 198, "col_offset": 21, "nodeName": "normalize", "type": "Callable[[Any], Any]"}, {"lineNumber": 200, "col_offset": 8, "nodeName": "assert_frame_equal", "type": "Any"}, {"lineNumber": 200, "col_offset": 27, "nodeName": "loadings_p", "type": "Any"}, {"lineNumber": 200, "col_offset": 39, "nodeName": "loadings_r", "type": "Any"}, {"lineNumber": 209, "col_offset": 18, "nodeName": "do_analysis", "type": "Callable[[Any, Any, Any, Any], Any]"}, {"lineNumber": 209, "col_offset": 35, "nodeName": "filename", "type": "str"}, {"lineNumber": 209, "col_offset": 45, "nodeName": "factors", "type": "int"}, {"lineNumber": 209, "col_offset": 54, "nodeName": "method", "type": "str"}, {"lineNumber": 209, "col_offset": 62, "nodeName": "rotation", "type": "str"}, {"lineNumber": 210, "col_offset": 19, "nodeName": "get_expected", "type": "Callable[[Any, Any, Any, Any], Any]"}, {"lineNumber": 210, "col_offset": 37, "nodeName": "filename", "type": "str"}, {"lineNumber": 210, "col_offset": 47, "nodeName": "factors", "type": "int"}, {"lineNumber": 210, "col_offset": 56, "nodeName": "method", "type": "str"}, {"lineNumber": 210, "col_offset": 64, "nodeName": "rotation", "type": "str"}, {"lineNumber": 212, "col_offset": 21, "nodeName": "normalize", "type": "Callable[[Any], Any]"}, {"lineNumber": 213, "col_offset": 21, "nodeName": "normalize", "type": "Callable[[Any], Any]"}, {"lineNumber": 215, "col_offset": 8, "nodeName": "assert_frame_equal", "type": "Any"}, {"lineNumber": 215, "col_offset": 27, "nodeName": "loadings_p", "type": "Any"}, {"lineNumber": 215, "col_offset": 39, "nodeName": "loadings_r", "type": "Any"}, {"lineNumber": 224, "col_offset": 18, "nodeName": "do_analysis", "type": "Callable[[Any, Any, Any, Any], Any]"}, {"lineNumber": 224, "col_offset": 35, "nodeName": "filename", "type": "str"}, {"lineNumber": 224, "col_offset": 45, "nodeName": "factors", "type": "int"}, {"lineNumber": 224, "col_offset": 54, "nodeName": "method", "type": "str"}, {"lineNumber": 224, "col_offset": 62, "nodeName": "rotation", "type": "str"}, {"lineNumber": 225, "col_offset": 19, "nodeName": "get_expected", "type": "Callable[[Any, Any, Any, Any], Any]"}, {"lineNumber": 225, "col_offset": 37, "nodeName": "filename", "type": "str"}, {"lineNumber": 225, "col_offset": 47, "nodeName": "factors", "type": "int"}, {"lineNumber": 225, "col_offset": 56, "nodeName": "method", "type": "str"}, {"lineNumber": 225, "col_offset": 64, "nodeName": "rotation", "type": "str"}, {"lineNumber": 227, "col_offset": 21, "nodeName": "normalize", "type": "Callable[[Any], Any]"}, {"lineNumber": 228, "col_offset": 21, "nodeName": "normalize", "type": "Callable[[Any], Any]"}, {"lineNumber": 230, "col_offset": 8, "nodeName": "assert_frame_equal", "type": "Any"}, {"lineNumber": 230, "col_offset": 27, "nodeName": "loadings_p", "type": "Any"}, {"lineNumber": 230, "col_offset": 39, "nodeName": "loadings_r", "type": "Any"}, {"lineNumber": 239, "col_offset": 18, "nodeName": "do_analysis", "type": "Callable[[Any, Any, Any, Any], Any]"}, {"lineNumber": 239, "col_offset": 35, "nodeName": "filename", "type": "str"}, {"lineNumber": 239, "col_offset": 45, "nodeName": "factors", "type": "int"}, {"lineNumber": 239, "col_offset": 54, "nodeName": "method", "type": "str"}, {"lineNumber": 239, "col_offset": 62, "nodeName": "rotation", "type": "str"}, {"lineNumber": 240, "col_offset": 19, "nodeName": "get_expected", "type": "Callable[[Any, Any, Any, Any], Any]"}, {"lineNumber": 240, "col_offset": 37, "nodeName": "filename", "type": "str"}, {"lineNumber": 240, "col_offset": 47, "nodeName": "factors", "type": "int"}, {"lineNumber": 240, "col_offset": 56, "nodeName": "method", "type": "str"}, {"lineNumber": 240, "col_offset": 64, "nodeName": "rotation", "type": "str"}, {"lineNumber": 242, "col_offset": 21, "nodeName": "normalize", "type": "Callable[[Any], Any]"}, {"lineNumber": 243, "col_offset": 21, "nodeName": "normalize", "type": "Callable[[Any], Any]"}, {"lineNumber": 245, "col_offset": 8, "nodeName": "assert_frame_equal", "type": "Any"}, {"lineNumber": 245, "col_offset": 27, "nodeName": "loadings_p", "type": "Any"}, {"lineNumber": 245, "col_offset": 39, "nodeName": "loadings_r", "type": "Any"}, {"lineNumber": 254, "col_offset": 18, "nodeName": "do_analysis", "type": "Callable[[Any, Any, Any, Any], Any]"}, {"lineNumber": 254, "col_offset": 35, "nodeName": "filename", "type": "str"}, {"lineNumber": 254, "col_offset": 45, "nodeName": "factors", "type": "int"}, {"lineNumber": 254, "col_offset": 54, "nodeName": "method", "type": "str"}, {"lineNumber": 254, "col_offset": 62, "nodeName": "rotation", "type": "str"}, {"lineNumber": 255, "col_offset": 19, "nodeName": "get_expected", "type": "Callable[[Any, Any, Any, Any], Any]"}, {"lineNumber": 255, "col_offset": 37, "nodeName": "filename", "type": "str"}, {"lineNumber": 255, "col_offset": 47, "nodeName": "factors", "type": "int"}, {"lineNumber": 255, "col_offset": 56, "nodeName": "method", "type": "str"}, {"lineNumber": 255, "col_offset": 64, "nodeName": "rotation", "type": "str"}, {"lineNumber": 257, "col_offset": 21, "nodeName": "normalize", "type": "Callable[[Any], Any]"}, {"lineNumber": 258, "col_offset": 21, "nodeName": "normalize", "type": "Callable[[Any], Any]"}, {"lineNumber": 260, "col_offset": 8, "nodeName": "assert_frame_equal", "type": "Any"}, {"lineNumber": 260, "col_offset": 27, "nodeName": "loadings_p", "type": "Any"}, {"lineNumber": 260, "col_offset": 39, "nodeName": "loadings_r", "type": "Any"}, {"lineNumber": 269, "col_offset": 18, "nodeName": "do_analysis", "type": "Callable[[Any, Any, Any, Any], Any]"}, {"lineNumber": 269, "col_offset": 35, "nodeName": "filename", "type": "str"}, {"lineNumber": 269, "col_offset": 45, "nodeName": "factors", "type": "int"}, {"lineNumber": 269, "col_offset": 54, "nodeName": "method", "type": "str"}, {"lineNumber": 269, "col_offset": 62, "nodeName": "rotation", "type": "str"}, {"lineNumber": 270, "col_offset": 19, "nodeName": "get_expected", "type": "Callable[[Any, Any, Any, Any], Any]"}, {"lineNumber": 270, "col_offset": 37, "nodeName": "filename", "type": "str"}, {"lineNumber": 270, "col_offset": 47, "nodeName": "factors", "type": "int"}, {"lineNumber": 270, "col_offset": 56, "nodeName": "method", "type": "str"}, {"lineNumber": 270, "col_offset": 64, "nodeName": "rotation", "type": "str"}, {"lineNumber": 272, "col_offset": 21, "nodeName": "normalize", "type": "Callable[[Any], Any]"}, {"lineNumber": 273, "col_offset": 21, "nodeName": "normalize", "type": "Callable[[Any], Any]"}, {"lineNumber": 275, "col_offset": 8, "nodeName": "assert_frame_equal", "type": "Any"}, {"lineNumber": 275, "col_offset": 27, "nodeName": "loadings_p", "type": "Any"}, {"lineNumber": 275, "col_offset": 39, "nodeName": "loadings_r", "type": "Any"}, {"lineNumber": 26, "col_offset": 20, "nodeName": "path", "type": "module"}, {"lineNumber": 29, "col_offset": 34, "nodeName": "filetype", "type": "Any"}, {"lineNumber": 29, "col_offset": 44, "nodeName": "method", "type": "Any"}, {"lineNumber": 29, "col_offset": 52, "nodeName": "rotation", "type": "Any"}, {"lineNumber": 30, "col_offset": 24, "nodeName": "path", "type": "module"}, {"lineNumber": 30, "col_offset": 37, "nodeName": "self", "type": "TestFactorAnalyzerVsR"}, {"lineNumber": 32, "col_offset": 15, "nodeName": "pd", "type": "Any"}, {"lineNumber": 41, "col_offset": 19, "nodeName": "path", "type": "module"}, {"lineNumber": 41, "col_offset": 32, "nodeName": "self", "type": "TestFactorAnalyzerVsR"}, {"lineNumber": 42, "col_offset": 15, "nodeName": "pd", "type": "Any"}, {"lineNumber": 44, "col_offset": 27, "nodeName": "rotation", "type": "Any"}, {"lineNumber": 47, "col_offset": 8, "nodeName": "fa", "type": "factor_analyzer.factor_analyzer.FactorAnalyzer"}, {"lineNumber": 47, "col_offset": 32, "nodeName": "method", "type": "Any"}, {"lineNumber": 47, "col_offset": 49, "nodeName": "rotation", "type": "Optional[Any]"}, {"lineNumber": 49, "col_offset": 28, "nodeName": "fa", "type": "factor_analyzer.factor_analyzer.FactorAnalyzer"}, {"lineNumber": 57, "col_offset": 19, "nodeName": "self", "type": "TestFactorAnalyzerVsR"}, {"lineNumber": 67, "col_offset": 21, "nodeName": "values", "type": "Any"}, {"lineNumber": 68, "col_offset": 21, "nodeName": "values", "type": "Any"}, {"lineNumber": 70, "col_offset": 19, "nodeName": "set_index", "type": "Any"}, {"lineNumber": 72, "col_offset": 8, "nodeName": "index", "type": "Any"}, {"lineNumber": 74, "col_offset": 20, "nodeName": "values", "type": "Any"}, {"lineNumber": 79, "col_offset": 24, "nodeName": "format", "type": "Callable[..., str]"}, {"lineNumber": 79, "col_offset": 38, "nodeName": "num", "type": "int"}, {"lineNumber": 79, "col_offset": 46, "nodeName": "num", "type": "int"}, {"lineNumber": 89, "col_offset": 18, "nodeName": "self", "type": "TestFactorAnalyzerVsR"}, {"lineNumber": 90, "col_offset": 19, "nodeName": "self", "type": "TestFactorAnalyzerVsR"}, {"lineNumber": 92, "col_offset": 21, "nodeName": "self", "type": "TestFactorAnalyzerVsR"}, {"lineNumber": 92, "col_offset": 36, "nodeName": "results", "type": "Dict[str, Any]"}, {"lineNumber": 93, "col_offset": 21, "nodeName": "self", "type": "TestFactorAnalyzerVsR"}, {"lineNumber": 93, "col_offset": 36, "nodeName": "expected", "type": "Dict[str, Any]"}, {"lineNumber": 104, "col_offset": 18, "nodeName": "self", "type": "TestFactorAnalyzerVsR"}, {"lineNumber": 105, "col_offset": 19, "nodeName": "self", "type": "TestFactorAnalyzerVsR"}, {"lineNumber": 107, "col_offset": 21, "nodeName": "self", "type": "TestFactorAnalyzerVsR"}, {"lineNumber": 107, "col_offset": 36, "nodeName": "results", "type": "Dict[str, Any]"}, {"lineNumber": 108, "col_offset": 21, "nodeName": "self", "type": "TestFactorAnalyzerVsR"}, {"lineNumber": 108, "col_offset": 36, "nodeName": "expected", "type": "Dict[str, Any]"}, {"lineNumber": 119, "col_offset": 18, "nodeName": "self", "type": "TestFactorAnalyzerVsR"}, {"lineNumber": 120, "col_offset": 19, "nodeName": "self", "type": "TestFactorAnalyzerVsR"}, {"lineNumber": 122, "col_offset": 21, "nodeName": "self", "type": "TestFactorAnalyzerVsR"}, {"lineNumber": 122, "col_offset": 36, "nodeName": "results", "type": "Dict[str, Any]"}, {"lineNumber": 123, "col_offset": 21, "nodeName": "self", "type": "TestFactorAnalyzerVsR"}, {"lineNumber": 123, "col_offset": 36, "nodeName": "expected", "type": "Dict[str, Any]"}, {"lineNumber": 134, "col_offset": 18, "nodeName": "self", "type": "TestFactorAnalyzerVsR"}, {"lineNumber": 135, "col_offset": 19, "nodeName": "self", "type": "TestFactorAnalyzerVsR"}, {"lineNumber": 137, "col_offset": 21, "nodeName": "self", "type": "TestFactorAnalyzerVsR"}, {"lineNumber": 137, "col_offset": 36, "nodeName": "results", "type": "Dict[str, Any]"}, {"lineNumber": 138, "col_offset": 21, "nodeName": "self", "type": "TestFactorAnalyzerVsR"}, {"lineNumber": 138, "col_offset": 36, "nodeName": "expected", "type": "Dict[str, Any]"}, {"lineNumber": 149, "col_offset": 18, "nodeName": "self", "type": "TestFactorAnalyzerVsR"}, {"lineNumber": 150, "col_offset": 19, "nodeName": "self", "type": "TestFactorAnalyzerVsR"}, {"lineNumber": 152, "col_offset": 21, "nodeName": "self", "type": "TestFactorAnalyzerVsR"}, {"lineNumber": 152, "col_offset": 36, "nodeName": "results", "type": "Dict[str, Any]"}, {"lineNumber": 153, "col_offset": 21, "nodeName": "self", "type": "TestFactorAnalyzerVsR"}, {"lineNumber": 153, "col_offset": 36, "nodeName": "expected", "type": "Dict[str, Any]"}, {"lineNumber": 164, "col_offset": 18, "nodeName": "self", "type": "TestFactorAnalyzerVsR"}, {"lineNumber": 165, "col_offset": 19, "nodeName": "self", "type": "TestFactorAnalyzerVsR"}, {"lineNumber": 167, "col_offset": 21, "nodeName": "self", "type": "TestFactorAnalyzerVsR"}, {"lineNumber": 167, "col_offset": 36, "nodeName": "results", "type": "Dict[str, Any]"}, {"lineNumber": 168, "col_offset": 21, "nodeName": "self", "type": "TestFactorAnalyzerVsR"}, {"lineNumber": 168, "col_offset": 36, "nodeName": "expected", "type": "Dict[str, Any]"}, {"lineNumber": 179, "col_offset": 18, "nodeName": "self", "type": "TestFactorAnalyzerVsR"}, {"lineNumber": 180, "col_offset": 19, "nodeName": "self", "type": "TestFactorAnalyzerVsR"}, {"lineNumber": 182, "col_offset": 21, "nodeName": "self", "type": "TestFactorAnalyzerVsR"}, {"lineNumber": 182, "col_offset": 36, "nodeName": "results", "type": "Dict[str, Any]"}, {"lineNumber": 183, "col_offset": 21, "nodeName": "self", "type": "TestFactorAnalyzerVsR"}, {"lineNumber": 183, "col_offset": 36, "nodeName": "expected", "type": "Dict[str, Any]"}, {"lineNumber": 194, "col_offset": 18, "nodeName": "self", "type": "TestFactorAnalyzerVsR"}, {"lineNumber": 195, "col_offset": 19, "nodeName": "self", "type": "TestFactorAnalyzerVsR"}, {"lineNumber": 197, "col_offset": 21, "nodeName": "self", "type": "TestFactorAnalyzerVsR"}, {"lineNumber": 197, "col_offset": 36, "nodeName": "results", "type": "Dict[str, Any]"}, {"lineNumber": 198, "col_offset": 21, "nodeName": "self", "type": "TestFactorAnalyzerVsR"}, {"lineNumber": 198, "col_offset": 36, "nodeName": "expected", "type": "Dict[str, Any]"}, {"lineNumber": 209, "col_offset": 18, "nodeName": "self", "type": "TestFactorAnalyzerVsR"}, {"lineNumber": 210, "col_offset": 19, "nodeName": "self", "type": "TestFactorAnalyzerVsR"}, {"lineNumber": 212, "col_offset": 21, "nodeName": "self", "type": "TestFactorAnalyzerVsR"}, {"lineNumber": 212, "col_offset": 36, "nodeName": "results", "type": "Dict[str, Any]"}, {"lineNumber": 213, "col_offset": 21, "nodeName": "self", "type": "TestFactorAnalyzerVsR"}, {"lineNumber": 213, "col_offset": 36, "nodeName": "expected", "type": "Dict[str, Any]"}, {"lineNumber": 224, "col_offset": 18, "nodeName": "self", "type": "TestFactorAnalyzerVsR"}, {"lineNumber": 225, "col_offset": 19, "nodeName": "self", "type": "TestFactorAnalyzerVsR"}, {"lineNumber": 227, "col_offset": 21, "nodeName": "self", "type": "TestFactorAnalyzerVsR"}, {"lineNumber": 227, "col_offset": 36, "nodeName": "results", "type": "Dict[str, Any]"}, {"lineNumber": 228, "col_offset": 21, "nodeName": "self", "type": "TestFactorAnalyzerVsR"}, {"lineNumber": 228, "col_offset": 36, "nodeName": "expected", "type": "Dict[str, Any]"}, {"lineNumber": 239, "col_offset": 18, "nodeName": "self", "type": "TestFactorAnalyzerVsR"}, {"lineNumber": 240, "col_offset": 19, "nodeName": "self", "type": "TestFactorAnalyzerVsR"}, {"lineNumber": 242, "col_offset": 21, "nodeName": "self", "type": "TestFactorAnalyzerVsR"}, {"lineNumber": 242, "col_offset": 36, "nodeName": "results", "type": "Dict[str, Any]"}, {"lineNumber": 243, "col_offset": 21, "nodeName": "self", "type": "TestFactorAnalyzerVsR"}, {"lineNumber": 243, "col_offset": 36, "nodeName": "expected", "type": "Dict[str, Any]"}, {"lineNumber": 254, "col_offset": 18, "nodeName": "self", "type": "TestFactorAnalyzerVsR"}, {"lineNumber": 255, "col_offset": 19, "nodeName": "self", "type": "TestFactorAnalyzerVsR"}, {"lineNumber": 257, "col_offset": 21, "nodeName": "self", "type": "TestFactorAnalyzerVsR"}, {"lineNumber": 257, "col_offset": 36, "nodeName": "results", "type": "Dict[str, Any]"}, {"lineNumber": 258, "col_offset": 21, "nodeName": "self", "type": "TestFactorAnalyzerVsR"}, {"lineNumber": 258, "col_offset": 36, "nodeName": "expected", "type": "Dict[str, Any]"}, {"lineNumber": 269, "col_offset": 18, "nodeName": "self", "type": "TestFactorAnalyzerVsR"}, {"lineNumber": 270, "col_offset": 19, "nodeName": "self", "type": "TestFactorAnalyzerVsR"}, {"lineNumber": 272, "col_offset": 21, "nodeName": "self", "type": "TestFactorAnalyzerVsR"}, {"lineNumber": 272, "col_offset": 36, "nodeName": "results", "type": "Dict[str, Any]"}, {"lineNumber": 273, "col_offset": 21, "nodeName": "self", "type": "TestFactorAnalyzerVsR"}, {"lineNumber": 273, "col_offset": 36, "nodeName": "expected", "type": "Dict[str, Any]"}, {"lineNumber": 26, "col_offset": 20, "nodeName": "os", "type": "module"}, {"lineNumber": 29, "col_offset": 62, "nodeName": "str", "type": "Type[str]"}, {"lineNumber": 29, "col_offset": 66, "nodeName": "factors", "type": "Any"}, {"lineNumber": 29, "col_offset": 76, "nodeName": "subdir", "type": "Any"}, {"lineNumber": 30, "col_offset": 24, "nodeName": "os", "type": "module"}, {"lineNumber": 41, "col_offset": 19, "nodeName": "os", "type": "module"}, {"lineNumber": 67, "col_offset": 21, "nodeName": "columns", "type": "Any"}, {"lineNumber": 68, "col_offset": 21, "nodeName": "columns", "type": "Any"}, {"lineNumber": 70, "col_offset": 19, "nodeName": "data", "type": "Any"}, {"lineNumber": 70, "col_offset": 34, "nodeName": "values", "type": "Any"}, {"lineNumber": 72, "col_offset": 8, "nodeName": "data", "type": "Any"}, {"lineNumber": 74, "col_offset": 20, "nodeName": "index", "type": "Any"}, {"lineNumber": 76, "col_offset": 15, "nodeName": "abs", "type": "Any"}, {"lineNumber": 79, "col_offset": 53, "nodeName": "range", "type": "Type[range]"}, {"lineNumber": 67, "col_offset": 21, "nodeName": "data", "type": "Any"}, {"lineNumber": 68, "col_offset": 21, "nodeName": "data", "type": "Any"}, {"lineNumber": 70, "col_offset": 34, "nodeName": "columns", "type": "Any"}, {"lineNumber": 76, "col_offset": 15, "nodeName": "data", "type": "Any"}, {"lineNumber": 70, "col_offset": 34, "nodeName": "data", "type": "Any"}, {"lineNumber": 74, "col_offset": 20, "nodeName": "sort_values", "type": "Any"}, {"lineNumber": 79, "col_offset": 62, "nodeName": "shape", "type": "Any"}, {"lineNumber": 79, "col_offset": 62, "nodeName": "data", "type": "Any"}, {"lineNumber": 74, "col_offset": 20, "nodeName": "sum", "type": "Any"}, {"lineNumber": 74, "col_offset": 20, "nodeName": "abs", "type": "Any"}, {"lineNumber": 74, "col_offset": 20, "nodeName": "data", "type": "Any"}]